<?xml version="1.0"?><testsuites><testsuite name="PhantomJS 2.1.1 (Mac OS X 0.0.0)" package="" timestamp="2017-04-26T13:22:54" id="0" hostname="Aurora-3.local" tests="22" errors="0" failures="1" time="0.059">
  <properties>
    <property name="browser.fullName" value="Mozilla/5.0 (Macintosh; Intel Mac OS X) AppleWebKit/538.1 (KHTML, like Gecko) PhantomJS/2.1.1 Safari/538.1"/>
  </properties>
  <testcase name="TodoController $onInit fetches the available todos from the todoService call the todoService" time="0.014" classname="todo_controller_spec" dirname="todo" extension=".js"/>
  <testcase name="TodoController $onInit fetches the available todos from the todoService when the todoService errors sets the todos to []" time="0.004" classname="todo_controller_spec" dirname="todo" extension=".js"/>
  <testcase name="TodoController $onInit fetches the available todos from the todoService when the todoService errors sets the error" time="0.001" classname="todo_controller_spec" dirname="todo" extension=".js"/>
  <testcase name="TodoController $onInit fetches the available todos from the todoService when the todoService returns the available todos sets the todos to the available todos" time="0.001" classname="todo_controller_spec" dirname="todo" extension=".js"/>
  <testcase name="TodoController $onInit fetches the available todos from the todoService when the todoService returns the available todos fail on purpose" time="0.003" classname="todo_controller_spec" dirname="todo" extension=".js">
    <failure type="">ReferenceError: Can&apos;t find variable: controller2 in app/todo/todo.controller.spec.js (line 9)
app/todo/todo.controller.spec.js:9:7918</failure>
  </testcase>
  <testcase name="TodoController $onInit fetches the available todos from the todoService when the todoService returns the available todos sets the error to undefined" time="0.002" classname="todo_controller_spec" dirname="todo" extension=".js"/>
  <testcase name="TodoController add registers a new todo with the todoService call the todoService" time="0.002" classname="todo_controller_spec" dirname="todo" extension=".js"/>
  <testcase name="TodoController add registers a new todo with the todoService when the todoService errors sets the description to empty" time="0.002" classname="todo_controller_spec" dirname="todo" extension=".js"/>
  <testcase name="TodoController add registers a new todo with the todoService when the todoService errors sets the error" time="0.001" classname="todo_controller_spec" dirname="todo" extension=".js"/>
  <testcase name="TodoController add registers a new todo with the todoService when the todoService adds a todo sets the description to empty" time="0.002" classname="todo_controller_spec" dirname="todo" extension=".js"/>
  <testcase name="TodoController add registers a new todo with the todoService when the todoService adds a todo fetches the available todos" time="0.002" classname="todo_controller_spec" dirname="todo" extension=".js"/>
  <testcase name="TodoController complete updates the complete state of a todo with the todoService call the todoService" time="0.001" classname="todo_controller_spec" dirname="todo" extension=".js"/>
  <testcase name="TodoController complete updates the complete state of a todo with the todoService when the todoService errors sets the error" time="0.001" classname="todo_controller_spec" dirname="todo" extension=".js"/>
  <testcase name="TodoController complete updates the complete state of a todo with the todoService when the todoService completes a todo fetches the available todos" time="0.002" classname="todo_controller_spec" dirname="todo" extension=".js"/>
  <testcase name="TodoController archive archive the completed todos with the todoService call the todoService" time="0.002" classname="todo_controller_spec" dirname="todo" extension=".js"/>
  <testcase name="TodoController archive archive the completed todos with the todoService when the todoService errors sets the error" time="0.002" classname="todo_controller_spec" dirname="todo" extension=".js"/>
  <testcase name="TodoController archive archive the completed todos with the todoService when the todoService archives the completed todos fetches the available todos" time="0.001" classname="todo_controller_spec" dirname="todo" extension=".js"/>
  <testcase name="TodoController uncompleted returns the uncompleted todos" time="0.002" classname="todo_controller_spec" dirname="todo" extension=".js"/>
  <testcase name="todoService should get todos" time="0.007" classname="todo_service_spec" dirname="todo" extension=".js"/>
  <testcase name="todoService should add a todo" time="0.002" classname="todo_service_spec" dirname="todo" extension=".js"/>
  <testcase name="todoService should complete a todo" time="0.003" classname="todo_service_spec" dirname="todo" extension=".js"/>
  <testcase name="todoService should archive a todo" time="0.002" classname="todo_service_spec" dirname="todo" extension=".js"/>
  <system-out><![CDATA[
  ]]></system-out>
  <system-err/>
</testsuite><testsuite name="PhantomJS 1.9.8 (Mac OS X)" package="" timestamp="2016-01-08T22:27:24" id="0" hostname="aurora.local" tests="2" errors="0" failures="1" time="0.002">
  <properties>
    <property name="browser.fullName" value="Mozilla/5.0 (Macintosh; Intel Mac OS X) AppleWebKit/534.34 (KHTML, like Gecko) PhantomJS/1.9.8 Safari/534.34"/>
  </properties>
  <testcase name="should say hello app" time="0.001" classname="xSpec" dirname="karma" extension=".js"/>
  <testcase name="should say goodbye &amp;quot;x&amp;quot; app" time="0.001" classname="xSpec" dirname="karma" extension=".js">
    <failure type="">Expected &apos;goodbye x app&apos; to be &apos;hello x app&apos;.
    at /Users/mischa/workspace/karma-example/projectx/test/karma/xSpec.js:17</failure>
  </testcase>
  <system-out><![CDATA[
  ]]></system-out>
  <system-err/>
</testsuite><testsuite name="PhantomJS 1.9.8 (Mac OS X)" package="" timestamp="2015-09-10T16:00:50" id="0" hostname="aurora.local" tests="2" errors="0" failures="0" time="0.007">
  <properties>
    <property name="browser.fullName" value="Mozilla/5.0 (Macintosh; Intel Mac OS X) AppleWebKit/534.34 (KHTML, like Gecko) PhantomJS/1.9.8 Safari/534.34"/>
  </properties>
  <testcase name="should make the model accessible to the view" time="0.006" classname="other_controller_spec" dirname="unit/js/other" extension=".js"/>
  <testcase name="should tell who is awesome" time="0.001" classname="other_service_spec" dirname="unit/js/other" extension=".js"/>
  <system-out><![CDATA[PhantomJS 1.9.8 (Mac OS X) LOG: Object{totalSpecsDefined: 2}

]]></system-out>
  <system-err/>
</testsuite></testsuites>