<?xml version="1.0"?><testsuites><testsuite name="The-todo-component;Verify-start-state" tests="4" failures="0" errors="0" skipped="0" timestamp="Wed, 26 Apr 2017 13:23:04 GMT" time="1.503115329">
  <testcase name="Given there are todos in my todo list" classname="todo_component_feature" time="0.47456372"/>
  <testcase name="Then the number of available todos is 3" classname="todo_component_feature" time="0.219430894"/>
  <testcase name="And the number of uncompleted todos is 2" classname="todo_component_feature" time="0.109054977"/>
  <testcase name="And the following todos are available:" classname="todo_component_feature" time="0.700065738"/>
</testsuite>,<testsuite name="The-todo-component;Add-a-todo" tests="7" failures="0" errors="0" skipped="0" timestamp="Wed, 26 Apr 2017 13:23:04 GMT" time="2.168225957">
  <testcase name="Then the number of available todos is 3" classname="todo_component_feature" time="0.076313679"/>
  <testcase name="And the number of uncompleted todos is 2" classname="todo_component_feature" time="0.055158263"/>
  <testcase name="And the following todos are available:" classname="todo_component_feature" time="0.516686735"/>
  <testcase name="When a todo is added" classname="todo_component_feature" time="0.324248843"/>
  <testcase name="Then the number of available todos is 4" classname="todo_component_feature" time="0.116941301"/>
  <testcase name="And the number of uncompleted todos is 3" classname="todo_component_feature" time="0.113987486"/>
  <testcase name="And the following todos are available:" classname="todo_component_feature" time="0.96488965"/>
</testsuite>,<testsuite name="The-todo-component;Archive-completed-todos" tests="7" failures="0" errors="0" skipped="0" timestamp="Wed, 26 Apr 2017 13:23:04 GMT" time="1.059309044">
  <testcase name="Then the number of available todos is 4" classname="todo_component_feature" time="0.046411376"/>
  <testcase name="And the number of uncompleted todos is 3" classname="todo_component_feature" time="0.044203183"/>
  <testcase name="And the following todos are available:" classname="todo_component_feature" time="0.336648595"/>
  <testcase name="When the completed todos are archived" classname="todo_component_feature" time="0.113120757"/>
  <testcase name="Then the number of available todos is 3" classname="todo_component_feature" time="0.049285468"/>
  <testcase name="And the number of uncompleted todos is 3" classname="todo_component_feature" time="0.047249904"/>
  <testcase name="And the following todos are available:" classname="todo_component_feature" time="0.422389761"/>
</testsuite>,<testsuite name="The-todo-component;Complete-a-todo" tests="7" failures="0" errors="0" skipped="0" timestamp="Wed, 26 Apr 2017 13:23:04 GMT" time="0.987247062">
  <testcase name="Then the number of available todos is 3" classname="todo_component_feature" time="0.049896923"/>
  <testcase name="And the number of uncompleted todos is 3" classname="todo_component_feature" time="0.052860044"/>
  <testcase name="And the following todos are available:" classname="todo_component_feature" time="0.308540759"/>
  <testcase name="When a todo is completed" classname="todo_component_feature" time="0.084082548"/>
  <testcase name="Then the number of available todos is 3" classname="todo_component_feature" time="0.054352156"/>
  <testcase name="And the number of uncompleted todos is 2" classname="todo_component_feature" time="0.0598583"/>
  <testcase name="And the following todos are available:" classname="todo_component_feature" time="0.377656332"/>
</testsuite><testsuite name="The-todo-component;The-api-response-for-fetching-the-todos-is-not-ok" tests="4" failures="0" errors="0" skipped="0" timestamp="Wed, 26 Apr 2017 13:23:01 GMT" time="0.890855416">
  <testcase name="Given the todo service throws an error while fetching the available todos" classname="todo_component_oops_feature" time="0.479368825"/>
  <testcase name="Then the number of available todos is 0" classname="todo_component_oops_feature" time="0.197492909"/>
  <testcase name="And the number of uncompleted todos is 0" classname="todo_component_oops_feature" time="0.105948957"/>
  <testcase name="Then the error &amp;apos;An error occurred when fetching available todos&amp;apos; is shown" classname="todo_component_oops_feature" time="0.108044725"/>
</testsuite>,<testsuite name="The-todo-component;The-api-response-for-adding-a-todo-is-not-ok" tests="3" failures="0" errors="0" skipped="0" timestamp="Wed, 26 Apr 2017 13:23:01 GMT" time="0.825443968">
  <testcase name="Given there are todos in my todo list" classname="todo_component_oops_feature" time="0.362874507"/>
  <testcase name="When a todo is added the todo service throws an error" classname="todo_component_oops_feature" time="0.35442655"/>
  <testcase name="Then the error &amp;apos;An error occurred when adding a todo&amp;apos; is shown" classname="todo_component_oops_feature" time="0.108142911"/>
</testsuite>,<testsuite name="The-todo-component;The-api-response-for-archiving-a-todo-is-not-ok" tests="3" failures="0" errors="0" skipped="0" timestamp="Wed, 26 Apr 2017 13:23:01 GMT" time="0.611128128">
  <testcase name="Given there are todos in my todo list" classname="todo_component_oops_feature" time="0.265527661"/>
  <testcase name="When the completed todos are archived the todo service throws an error" classname="todo_component_oops_feature" time="0.195319962"/>
  <testcase name="Then the error &amp;apos;An error occurred when archiving completed todos&amp;apos; is shown" classname="todo_component_oops_feature" time="0.150280505"/>
</testsuite>,<testsuite name="The-todo-component;The-api-response-for-completing-a-todo-is-not-ok" tests="3" failures="0" errors="0" skipped="0" timestamp="Wed, 26 Apr 2017 13:23:01 GMT" time="0.826851213">
  <testcase name="Given there are todos in my todo list" classname="todo_component_oops_feature" time="0.307975604"/>
  <testcase name="When a todo is completed the todo service throws an error" classname="todo_component_oops_feature" time="0.382567856"/>
  <testcase name="Then the error &amp;apos;An error occurred when completing a todo&amp;apos; is shown" classname="todo_component_oops_feature" time="0.136307753"/>
</testsuite></testsuites>