<?xml version="1.0"?><unitTest version="1"><file path="test/todo/todo_controller_spec.js"><testCase name="TodoController $onInit fetches the available todos from the todoService call the todoService" duration="14"/></file><file path="test/todo/todo_controller_spec.js"><testCase name="TodoController $onInit fetches the available todos from the todoService when the todoService errors sets the todos to []" duration="4"/></file><file path="test/todo/todo_controller_spec.js"><testCase name="TodoController $onInit fetches the available todos from the todoService when the todoService errors sets the error" duration="1"/></file><file path="test/todo/todo_controller_spec.js"><testCase name="TodoController $onInit fetches the available todos from the todoService when the todoService returns the available todos sets the todos to the available todos" duration="1"/></file><file path="test/todo/todo_controller_spec.js"><testCase name="TodoController $onInit fetches the available todos from the todoService when the todoService returns the available todos fail on purpose" duration="3"><failure message="">ReferenceError: Can't find variable: controller2 in app/todo/todo.controller.spec.js (line 9)
app/todo/todo.controller.spec.js:9:7918</failure></testCase></file><file path="test/todo/todo_controller_spec.js"><testCase name="TodoController $onInit fetches the available todos from the todoService when the todoService returns the available todos sets the error to undefined" duration="2"/></file><file path="test/todo/todo_controller_spec.js"><testCase name="TodoController add registers a new todo with the todoService call the todoService" duration="2"/></file><file path="test/todo/todo_controller_spec.js"><testCase name="TodoController add registers a new todo with the todoService when the todoService errors sets the description to empty" duration="2"/></file><file path="test/todo/todo_controller_spec.js"><testCase name="TodoController add registers a new todo with the todoService when the todoService errors sets the error" duration="1"/></file><file path="test/todo/todo_controller_spec.js"><testCase name="TodoController add registers a new todo with the todoService when the todoService adds a todo sets the description to empty" duration="2"/></file><file path="test/todo/todo_controller_spec.js"><testCase name="TodoController add registers a new todo with the todoService when the todoService adds a todo fetches the available todos" duration="2"/></file><file path="test/todo/todo_controller_spec.js"><testCase name="TodoController complete updates the complete state of a todo with the todoService call the todoService" duration="1"/></file><file path="test/todo/todo_controller_spec.js"><testCase name="TodoController complete updates the complete state of a todo with the todoService when the todoService errors sets the error" duration="1"/></file><file path="test/todo/todo_controller_spec.js"><testCase name="TodoController complete updates the complete state of a todo with the todoService when the todoService completes a todo fetches the available todos" duration="2"/></file><file path="test/todo/todo_controller_spec.js"><testCase name="TodoController archive archive the completed todos with the todoService call the todoService" duration="2"/></file><file path="test/todo/todo_controller_spec.js"><testCase name="TodoController archive archive the completed todos with the todoService when the todoService errors sets the error" duration="2"/></file><file path="test/todo/todo_controller_spec.js"><testCase name="TodoController archive archive the completed todos with the todoService when the todoService archives the completed todos fetches the available todos" duration="1"/></file><file path="test/todo/todo_controller_spec.js"><testCase name="TodoController uncompleted returns the uncompleted todos" duration="2"/></file><file path="test/todo/todo_service_spec.js"><testCase name="todoService should get todos" duration="7"/></file><file path="test/todo/todo_service_spec.js"><testCase name="todoService should add a todo" duration="2"/></file><file path="test/todo/todo_service_spec.js"><testCase name="todoService should complete a todo" duration="3"/></file><file path="test/todo/todo_service_spec.js"><testCase name="todoService should archive a todo" duration="2"/></file></unitTest>